Pink salmon alignment
==========================================
Sample:     8036
Method:     Low input P100
Platform:   DNBSEQ
Reference:  /scratch/project_2019524/pinksalmon_reference/GCF_021184085.1_OgorEven_v1.0_genomic.fna
R1:         /scratch/project_2019524/PinkSalmon_lowinput_P100/E150031652_L01_B5GANIdazlRAACA-8036_1.fq.gz
R2:         /scratch/project_2019524/PinkSalmon_lowinput_P100/E150031652_L01_B5GANIdazlRAACA-8036_1.fq.gz
Output:     /scratch/project_2019524/pinksalmon_alignments/lowinput_P100/8036.sorted.bam
Start:      Thu Aug 20 03:53:52 PM EEST 2026
==========================================
BWA-MEM2:
2.2.1
Samtools:
samtools 1.22.1
Starting BWA-MEM2 alignment...
Indexing BAM...
Generating flagstat...
Generating stats...
==========================================
Alignment complete
Finished: Thu Aug 20 05:18:20 PM EEST 2026
BAM:      /scratch/project_2019524/pinksalmon_alignments/lowinput_P100/8036.sorted.bam
Index:    /scratch/project_2019524/pinksalmon_alignments/lowinput_P100/8036.sorted.bam.bai
Flagstat: /scratch/project_2019524/pinksalmon_alignments/lowinput_P100/8036.flagstat.txt
Stats:    /scratch/project_2019524/pinksalmon_alignments/lowinput_P100/8036.stats.txt
==========================================
total 524K
-rw-rw---- 1 eerguden project_2019524 2.4K Aug 20 15:53 align_lowinput_P100.slurm
-rw-rw---- 1 eerguden project_2019524 1.8K Aug 16 11:01 align_mem.slurm
-rw-rw---- 1 eerguden project_2019524 294K Aug 20 15:50 align_P100_8034_749046.err
-rw-rw---- 1 eerguden project_2019524 1.9K Aug 20 15:50 align_P100_8034_749046.out
-rw-rw---- 1 eerguden project_2019524 179K Aug 20 16:46 align_P100_8036_752033.err
-rw-rw---- 1 eerguden project_2019524 1.3K Aug 20 17:18 align_P100_8036_752033.out
-rw-rw---- 1 eerguden project_2019524 2.4K Aug 16 09:40 align.slurm
-rw-rw---- 1 eerguden project_2019524 1.5K Aug 17 11:49 coverage_depth.slurm
-rw-rw---- 1 eerguden project_2019524 5.9K Aug 15 12:59 plot_fastq_2.R
-rw-rw---- 1 eerguden project_2019524 7.9K Aug 15 11:19 plot_fastq.R
