Pink salmon alignment
==========================================
Sample:     8167
Method:     Low input P100
Platform:   DNBSEQ
Reference:  /scratch/project_2019524/pinksalmon_reference/GCF_021184085.1_OgorEven_v1.0_genomic.fna
R1:         /scratch/project_2019524/PinkSalmon_normalinput/E250168591_L01_B5GANInphdRAACA-8167_1.fq.gz
R2:         /scratch/project_2019524/PinkSalmon_normalinput/E250168591_L01_B5GANInphdRAACA-8167_2.fq.gz
Output:     /scratch/project_2019524/pinksalmon_alignments/normalinput/8167.sorted.bam
Start:      Fri Aug 21 10:31:52 AM EEST 2026
==========================================
BWA-MEM2:
2.2.1
Samtools:
samtools 1.22.1
Starting BWA-MEM2 alignment...
Indexing BAM...
Generating flagstat...
Generating stats...
==========================================
Alignment complete
Finished: Fri Aug 21 12:28:39 PM EEST 2026
BAM:      /scratch/project_2019524/pinksalmon_alignments/normalinput/8167.sorted.bam
Index:    /scratch/project_2019524/pinksalmon_alignments/normalinput/8167.sorted.bam.bai
Flagstat: /scratch/project_2019524/pinksalmon_alignments/normalinput/8167.flagstat.txt
Stats:    /scratch/project_2019524/pinksalmon_alignments/normalinput/8167.stats.txt
==========================================
total 48K
-rw-rw---- 1 eerguden project_2019524 2.4K Aug 20 19:31 align_lowinput_P100.slurm
-rw-rw---- 1 eerguden project_2019524 2.8K Aug 21 10:55 align_lowinput.slurm
-rw-rw---- 1 eerguden project_2019524 1.8K Aug 16 11:01 align_mem.slurm
-rw-rw---- 1 eerguden project_2019524 2.6K Aug 21 10:30 align_normalinput.slurm
-rw-rw---- 1 eerguden project_2019524 2.4K Aug 16 09:40 align.slurm
-rw-rw---- 1 eerguden project_2019524    0 Aug 21 10:44 coverage_766374.err
-rw-rw---- 1 eerguden project_2019524 1.4K Aug 21 11:56 coverage_766374.out
-rw-rw---- 1 eerguden project_2019524 1.5K Aug 21 10:43 coverage_depth.slurm
drwxrws--- 2 eerguden project_2019524 4.0K Aug 21 10:37 err_out
-rw-rw---- 1 eerguden project_2019524 5.9K Aug 15 12:59 plot_fastq_2.R
-rw-rw---- 1 eerguden project_2019524 7.9K Aug 15 11:19 plot_fastq.R
