==========================================
Sample: 8034
BAM: /scratch/project_2019524/pinksalmon_alignments/lowinput_P100/8034_align/8034.sorted.bam
Start: Fri Aug 21 10:44:13 AM EEST 2026
==========================================
Running samtools coverage...
Running samtools depth...
Finished 8034
==========================================
Sample: 8035
BAM: /scratch/project_2019524/pinksalmon_alignments/lowinput_P100/8035_align/8035.sorted.bam
Start: Fri Aug 21 11:00:11 AM EEST 2026
==========================================
Running samtools coverage...
Running samtools depth...
Finished 8035
==========================================
Sample: 8036
BAM: /scratch/project_2019524/pinksalmon_alignments/lowinput_P100/8036_align/8036.sorted.bam
Start: Fri Aug 21 11:17:48 AM EEST 2026
==========================================
Running samtools coverage...
Running samtools depth...
Finished 8036
==========================================
Sample: 8038
BAM: /scratch/project_2019524/pinksalmon_alignments/lowinput_P100/8038_align/8038.sorted.bam
Start: Fri Aug 21 11:36:22 AM EEST 2026
==========================================
Running samtools coverage...
Running samtools depth...
Finished 8038
==========================================
All coverage analyses complete
Finished: Fri Aug 21 11:56:03 AM EEST 2026
==========================================
