
========================================================
Processing sample: 8034
Method: lowinput
========================================================
Depth file:
/scratch/project_2019524/pinksalmon_alignments/lowinput/coverage_depth/8034.depth.txt

Output:
/scratch/project_2019524/pinksalmon_depth_evenness_stats/8034.depth_evenness.txt
Depth values from chromosomes 1-27: 2174516297

Sorting genome-wide depths...
Calculating genome-wide statistics...
Genome-wide statistics completed.
  Chromosome 1: 121242117 depth values
  Chromosome 2: 112602575 depth values
  Chromosome 3: 109001000 depth values
  Chromosome 4: 86901846 depth values

Cleaning temporary files...
  Chromosome 5: 97899794 depth values
  Chromosome 6:  depth values
  Chromosome 7:  depth values
  Chromosome 8:  depth values
  Chromosome 9:  depth values
  Chromosome 10:  depth values
  Chromosome 11:  depth values
  Chromosome 12:  depth values
  Chromosome 13:  depth values
  Chromosome 14:  depth values
  Chromosome 15:  depth values
  Chromosome 16:  depth values
  Chromosome 17:  depth values
  Chromosome 18:  depth values
  Chromosome 19:  depth values
  Chromosome 20:  depth values
  Chromosome 21:  depth values
  Chromosome 22:  depth values
  Chromosome 23:  depth values
  Chromosome 24:  depth values
  Chromosome 25:  depth values
  Chromosome 26:  depth values
  Chromosome 27:  depth values

--------------------------------------------------------
Finished sample: 8034
Output: /scratch/project_2019524/pinksalmon_depth_evenness_stats/8034.depth_evenness.txt
--------------------------------------------------------

Output preview:
Sample	Method	Level	chr_number	chromosome	Mean_depth	SD_depth	CV_depth	Median_depth	Q25_depth	Q75_depth	Min_depth	Max_depth
8034	lowinput	genome	NA	genome	14.047568	21.436886	1.526021	13.000000	7.000000	19.000000	0	12016
8034	lowinput	chromosome	1	NC_060173.1	14.530427	12.791340	0.880314	14.000000	8.000000	20.000000	0	4207
8034	lowinput	chromosome	2	NC_060174.1	14.621443	13.586420	0.929212	14.000000	8.000000	20.000000	0	4276
8034	lowinput	chromosome	3	NC_060175.1	14.985623	23.700856	1.581573	14.000000	8.000000	20.000000	0	5372

========================================================
All samples finished.
========================================================

Results are in:
/scratch/project_2019524/pinksalmon_depth_evenness_stats

Files created:
total 4.0K
-rw-rw---- 1 eerguden project_2019524 2.9K Sep 10 16:39 8034.depth_evenness.txt

Cleaning temporary files...
