==========================================
Sample: 8034
Input: /scratch/project_2019524/pinksalmon_alignments/lowinput_P100/coverage_depth/8034.depth.txt
Output: /scratch/project_2019524/pinksalmon_alignments/lowinput_P100/coverage_depth/depth_windows/8034.depth_100000bp.txt
Start: Tue Sep  8 10:32:17 AM EEST 2026
==========================================
Finished 8034

==========================================
Sample: 8035
Input: /scratch/project_2019524/pinksalmon_alignments/lowinput_P100/coverage_depth/8035.depth.txt
Output: /scratch/project_2019524/pinksalmon_alignments/lowinput_P100/coverage_depth/depth_windows/8035.depth_100000bp.txt
Start: Tue Sep  8 10:56:35 AM EEST 2026
==========================================
Finished 8035

==========================================
Sample: 8036
Input: /scratch/project_2019524/pinksalmon_alignments/lowinput_P100/coverage_depth/8036.depth.txt
Output: /scratch/project_2019524/pinksalmon_alignments/lowinput_P100/coverage_depth/depth_windows/8036.depth_100000bp.txt
Start: Tue Sep  8 11:20:58 AM EEST 2026
==========================================
Finished 8036

==========================================
Sample: 8038
Input: /scratch/project_2019524/pinksalmon_alignments/lowinput_P100/coverage_depth/8038.depth.txt
Output: /scratch/project_2019524/pinksalmon_alignments/lowinput_P100/coverage_depth/depth_windows/8038.depth_100000bp.txt
Start: Tue Sep  8 11:46:37 AM EEST 2026
==========================================
Finished 8038

==========================================
All samples processed
Finished: Tue Sep  8 12:11:14 PM EEST 2026
==========================================
