============================================
Processing 8167
Input: /scratch/project_2019524/pinksalmon_alignments/normalinput/coverage_depth/8167.depth.txt
============================================
Genome-wide output:
/scratch/project_2019524/pinksalmon_alignments/normalinput/coverage_depth/depth_stats/8167.depth_stats.txt
Chromosome-level output:
/scratch/project_2019524/pinksalmon_alignments/normalinput/coverage_depth/depth_stats/8167.chromosome_depth_stats.txt

============================================
Processing 8168
Input: /scratch/project_2019524/pinksalmon_alignments/normalinput/coverage_depth/8168.depth.txt
============================================
Genome-wide output:
/scratch/project_2019524/pinksalmon_alignments/normalinput/coverage_depth/depth_stats/8168.depth_stats.txt
Chromosome-level output:
/scratch/project_2019524/pinksalmon_alignments/normalinput/coverage_depth/depth_stats/8168.chromosome_depth_stats.txt

============================================
All samples finished

Genome-wide statistics:
/scratch/project_2019524/pinksalmon_alignments/normalinput/coverage_depth/depth_stats/all_samples_depth_stats.txt

Per-chromosome statistics:
/scratch/project_2019524/pinksalmon_alignments/normalinput/coverage_depth/depth_stats/all_samples_chromosome_depth_stats.txt
============================================
