==========================================
Sample: 8034
Input: /scratch/project_2019524/pinksalmon_alignments/lowinput/coverage_depth/8034.depth.txt
Output: /scratch/project_2019524/pinksalmon_alignments/lowinput/coverage_depth/depth_windows/8034.depth_100000bp.txt
Start: Tue Sep  8 08:46:49 AM EEST 2026
==========================================
Finished 8034

==========================================
Sample: 8035
Input: /scratch/project_2019524/pinksalmon_alignments/lowinput/coverage_depth/8035.depth.txt
Output: /scratch/project_2019524/pinksalmon_alignments/lowinput/coverage_depth/depth_windows/8035.depth_100000bp.txt
Start: Tue Sep  8 09:12:01 AM EEST 2026
==========================================
Finished 8035

==========================================
Sample: 8036
Input: /scratch/project_2019524/pinksalmon_alignments/lowinput/coverage_depth/8036.depth.txt
Output: /scratch/project_2019524/pinksalmon_alignments/lowinput/coverage_depth/depth_windows/8036.depth_100000bp.txt
Start: Tue Sep  8 09:38:50 AM EEST 2026
==========================================
Finished 8036

==========================================
Sample: 8038
Input: /scratch/project_2019524/pinksalmon_alignments/lowinput/coverage_depth/8038.depth.txt
Output: /scratch/project_2019524/pinksalmon_alignments/lowinput/coverage_depth/depth_windows/8038.depth_100000bp.txt
Start: Tue Sep  8 10:03:33 AM EEST 2026
==========================================
Finished 8038

==========================================
All samples processed
Finished: Tue Sep  8 10:22:02 AM EEST 2026
==========================================
